// Jest Snapshot v1, https://goo.gl/fbAQLP

exports[`NetlifyChromiumPlugin manifest did not change 1`] = `
Object {
  "inputs": Array [
    Object {
      "default": "npm",
      "description": "Package manager to install Chromium with; npm or yarn.",
      "name": "packageManager",
    },
    Object {
      "default": true,
      "description": "If true, sets value of environmental variable CHROME_PATH to location of local copy of Chromium binaries. This change is required by many tools relying on Chromium to be able to find it and launch it successfully (such as Lighthouse).",
      "name": "setChromePathInEnv",
    },
    Object {
      "default": false,
      "description": "If true and Chromium installation finished with failure, whole build will fail. Otherwise, only this plugin fails and the rest of the build proceeds as usual.",
      "name": "failBuildOnError",
    },
  ],
  "name": "netlify-plugin-chromium",
}
`;
